// Jest Snapshot v1, https://goo.gl/fbAQLP

exports[`basic snapshot 1`] = `
<div
  className="react-select__container css-zckpcq"
  onKeyDown={[Function]}
>
  <span
    aria-atomic="true"
    aria-live="polite"
    className="css-17l7ekz"
    role="status"
  >
    0 results available.
  </span>
  <div
    className="react-select__control css-1lc6nq7"
    onMouseDown={[Function]}
    onTouchEnd={[Function]}
  >
    <div
      className="react-select__value-container css-6rkci4"
    >
      <div
        className="react-select__placeholder css-16ucli7"
      >
        Select...
      </div>
      <input
        className="css-hg63qv"
        onBlur={[Function]}
        onChange={[Function]}
        onFocus={[Function]}
        readOnly={true}
        value=""
      />
    </div>
    <div
      className="react-select__indicators css-1lfa1d8"
    >
      <span
        className="react-select__indicator-separator css-1cnd6ox"
        css={undefined}
        role="presentation"
      />
      <div
        className="react-select__indicator react-select__dropdown-indicator css-1c0gw5t"
        css={undefined}
        onMouseDown={[Function]}
        onTouchEnd={[Function]}
        role="button"
      >
        <svg
          className="react-select__icon react-select__down-icon css-qyb9b"
          focusable="false"
          height={20}
          role="presentation"
          viewBox="0 0 20 20"
          width={20}
        >
          <path
            d="M4.516 7.548c0.436-0.446 1.043-0.481 1.576 0l3.908 3.747 3.908-3.747c0.533-0.481 1.141-0.446 1.574 0 0.436 0.445 0.408 1.197 0 1.615-0.406 0.418-4.695 4.502-4.695 4.502-0.217 0.223-0.502 0.335-0.787 0.335s-0.57-0.112-0.789-0.335c0 0-4.287-4.084-4.695-4.502s-0.436-1.17 0-1.615z"
          />
        </svg>
      </div>
    </div>
  </div>
</div>
`;
